[2J[01;01H[=3h[2J[01;01H[0m[35m[40m[0m[37m[40mBdsDxe: loading Boot0006 "Bulldog" from PciRoot(0x0)/Pci(0x1,0x1)/Ata(Primary,Master,0x0)/\EFI\BOOT\BOOTX64.EFI
BdsDxe: starting Boot0006 "Bulldog" from PciRoot(0x0)/Pci(0x1,0x1)/Ata(Primary,Master,0x0)/\EFI\BOOT\BOOTX64.EFI
[ INFO]: bootloader\src\main.rs@073: *** BULLDOG BOOTLOADER START v999 ***
[ INFO]: bootloader\src\main.rs@088: GOP initialized: 800x600 stride 800
[ INFO]: bootloader\src\main.rs@103: RSDP address: 0x7bfa014
[ INFO]: bootloader\src\main.rs@106: ACPI revision: 2
[ INFO]: bootloader\src\main.rs@112: about to load_font
[ INFO]: bootloader\src\main.rs@114: load_font returned
[ INFO]: bootloader\src\main.rs@116: about to create Console
[ INFO]: bootloader\src\main.rs@119: Console::new returned
[ INFO]: bootloader\src\main.rs@174: Framebuffer phys addr: 0x80000000
[ INFO]: bootloader\src\main.rs@201: about to call ExitBootServices
RSP at entry:
0000000006250ff8
=== BOOTINFO CHECK AT KERNEL ENTRY ===
boot_info.framebuffer.addr:
0000000080000000
boot_info.framebuffer_virt:
0000000080000000
boot_info.physical_memory_offset:
ffff800000000000
=== ENTERED paging::init ===
framebuffer mapped at:
ffff800080000000
Entered kernel_main
